ASxxxx Linker V03.00 + NoICE + sdld,  page 1.
Hexadecimal  [32-Bits]

Area                                    Addr        Size        Decimal Bytes (Attributes)
--------------------------------        ----        ----        ------- ----- ------------
CABS                                00000000    00000000 =           0. bytes (ABS,CON,CODE)

      Value  Global                              Global Defined In Module
      -----  --------------------------------   ------------------------
C:   00000000  l_BIT_BANK                      
C:   00000000  l_BSEG                          
C:   00000000  l_BSEG_BYTES                    
C:   00000000  l_CABS                          
C:   00000000  l_GSINIT1                       
C:   00000000  l_GSINIT5                       
C:   00000000  l_IABS                          
C:   00000000  l_PSEG                          
C:   00000000  l_REG_BANK_1                    
C:   00000000  l_REG_BANK_2                    
C:   00000000  l_REG_BANK_3                    
C:   00000000  l_RSEG                          
C:   00000000  l_RSEG0                         
C:   00000000  l_RSEG1                         
C:   00000000  l_XABS                          
C:   00000000  l_XINIT                         
C:   00000000  l_XISEG                         
C:   00000000  l_XSEG                          
C:   00000000  l__CODE                         
C:   00000000  s_BSEG                          
C:   00000000  s_CABS                          
C:   00000000  s_DSEG                          
C:   00000000  s_HOME                          
C:   00000000  s_IABS                          
C:   00000000  s_REG_BANK_0                    
C:   00000000  s_RSEG                          
C:   00000000  s_RSEG0                         
C:   00000000  s_RSEG1                         
C:   00000000  s_XABS                          
C:   00000001  s_PSEG                          
C:   00000001  s_XISEG                         
C:   00000001  s_XSEG                          
C:   00000003  l_GSFINAL                       
C:   00000003  l_GSINIT0                       
C:   00000004  l_OSEG                          
C:   00000006  l_ISEG                          
C:   00000008  l_REG_BANK_0                    
C:   00000008  s_REG_BANK_1                    
C:   0000000A  l_GSINIT2                       
C:   00000010  s_REG_BANK_2                    
C:   00000018  s_BIT_BANK                      
C:   00000018  s_REG_BANK_3                    
C:   0000001F  l_CONST                         
C:   00000020  s_BSEG_BYTES                    
C:   00000020  s__CODE                         
C:   00000022  l_GSINIT3                       
C:   0000002A  l_GSINIT4                       
C:   00000039  l_HOME                          
C:   00000039  s_GSINIT0                       
C:   0000003C  s_GSINIT1                       
ASxxxx Linker V03.00 + NoICE + sdld,  page 2.
Hexadecimal  [32-Bits]

Area                                    Addr        Size        Decimal Bytes (Attributes)
--------------------------------        ----        ----        ------- ----- ------------
CABS                                00000000    00000000 =           0. bytes (ABS,CON,CODE)

      Value  Global                              Global Defined In Module
      -----  --------------------------------   ------------------------
C:   0000003C  s_GSINIT2                       
C:   0000003D  l_GSINIT                        
C:   00000046  s_GSINIT3                       
C:   00000068  s_GSINIT4                       
C:   0000006F  s_OSEG                          
C:   00000073  s_ISEG                          
C:   00000079  s_SSEG                          
C:   00000080  l_DSEG                          
C:   00000087  l_SSEG                          
C:   00000092  s_GSINIT                        
C:   00000092  s_GSINIT5                       
C:   000000CF  s_GSFINAL                       
C:   000000D2  s_CSEG                          
C:   00000100  l_IRAM                          
C:   000013F4  l_CSEG                          
C:   000014C6  s_CONST                         
C:   000014E5  s_XINIT                         

ASxxxx Linker V03.00 + NoICE + sdld,  page 3.
Hexadecimal  [32-Bits]

Area                                    Addr        Size        Decimal Bytes (Attributes)
--------------------------------        ----        ----        ------- ----- ------------
.  .ABS.                            00000000    00000000 =           0. bytes (ABS,CON)

      Value  Global                              Global Defined In Module
      -----  --------------------------------   ------------------------
     00000000  .__.ABS.                           _divslong
     00000080  _AD0                               ECEN301LibSDCC
     00000080  _DATA                              ECEN301LibSDCC
     00000080  _P0                                ECEN301LibSDCC
     00000080  _P0_0                              ECEN301LibSDCC
     00000081  _AD1                               ECEN301LibSDCC
     00000081  _P0_1                              ECEN301LibSDCC
     00000081  _SP                                ECEN301LibSDCC
     00000082  _AD2                               ECEN301LibSDCC
     00000082  _DPL                               ECEN301LibSDCC
     00000082  _P0_2                              ECEN301LibSDCC
     00000083  _AD3                               ECEN301LibSDCC
     00000083  _DPH                               ECEN301LibSDCC
     00000083  _P0_3                              ECEN301LibSDCC
     00000084  _AD4                               ECEN301LibSDCC
     00000084  _P0_4                              ECEN301LibSDCC
     00000085  _AD5                               ECEN301LibSDCC
     00000085  _P0_5                              ECEN301LibSDCC
     00000086  _AD6                               ECEN301LibSDCC
     00000086  _P0_6                              ECEN301LibSDCC
     00000087  _AD7                               ECEN301LibSDCC
     00000087  _P0_7                              ECEN301LibSDCC
     00000087  _PCON                              ECEN301LibSDCC
     00000088  _IT0                               ECEN301LibSDCC
     00000088  _TCON                              ECEN301LibSDCC
     00000089  _IE0                               ECEN301LibSDCC
     00000089  _TMOD                              ECEN301LibSDCC
     0000008A  _IT1                               ECEN301LibSDCC
     0000008A  _TL0                               ECEN301LibSDCC
     0000008B  _IE1                               ECEN301LibSDCC
     0000008B  _TL1                               ECEN301LibSDCC
     0000008C  _TH0                               ECEN301LibSDCC
     0000008C  _TR0                               ECEN301LibSDCC
     0000008D  _TF0                               ECEN301LibSDCC
     0000008D  _TH1                               ECEN301LibSDCC
     0000008E  _AUXR                              ECEN301LibSDCC
     0000008E  _TR1                               ECEN301LibSDCC
     0000008F  _CKCON0                            ECEN301LibSDCC
     0000008F  _TF1                               ECEN301LibSDCC
     00000090  _P1                                ECEN301LibSDCC
     00000090  _P1_0                              ECEN301LibSDCC
     00000090  _T2                                ECEN301LibSDCC
     00000091  _P1_1                              ECEN301LibSDCC
     00000091  _T2EX                              ECEN301LibSDCC
     00000092  _ECI                               ECEN301LibSDCC
     00000092  _P1_2                              ECEN301LibSDCC
     00000093  _CEX0                              ECEN301LibSDCC
     00000093  _P1_3                              ECEN301LibSDCC
     00000094  _CEX1                              ECEN301LibSDCC
     00000094  _P1_4                              ECEN301LibSDCC
ASxxxx Linker V03.00 + NoICE + sdld,  page 4.
Hexadecimal  [32-Bits]

Area                                    Addr        Size        Decimal Bytes (Attributes)
--------------------------------        ----        ----        ------- ----- ------------
.  .ABS.                            00000000    00000000 =           0. bytes (ABS,CON)

      Value  Global                              Global Defined In Module
      -----  --------------------------------   ------------------------
     00000095  _CEX2                              ECEN301LibSDCC
     00000095  _P1_5                              ECEN301LibSDCC
     00000096  _CEX3                              ECEN301LibSDCC
     00000096  _P1_6                              ECEN301LibSDCC
     00000097  _CEX4                              ECEN301LibSDCC
     00000097  _P1_7                              ECEN301LibSDCC
     00000098  _RI                                ECEN301LibSDCC
     00000098  _SCON                              ECEN301LibSDCC
     00000099  _SBUF                              ECEN301LibSDCC
     00000099  _TI                                ECEN301LibSDCC
     0000009A  _RB8                               ECEN301LibSDCC
     0000009B  _TB8                               ECEN301LibSDCC
     0000009C  _REN                               ECEN301LibSDCC
     0000009D  _SM2                               ECEN301LibSDCC
     0000009E  _SM1                               ECEN301LibSDCC
     0000009F  _CKCON1                            ECEN301LibSDCC
     0000009F  _FE                                ECEN301LibSDCC
     0000009F  _SM0                               ECEN301LibSDCC
     000000A0  _A8                                ECEN301LibSDCC
     000000A0  _P2                                ECEN301LibSDCC
     000000A0  _P2_0                              ECEN301LibSDCC
     000000A0  __XPAGE                            
     000000A1  _A9                                ECEN301LibSDCC
     000000A1  _P2_1                              ECEN301LibSDCC
     000000A2  _A10                               ECEN301LibSDCC
     000000A2  _AUXR1                             ECEN301LibSDCC
     000000A2  _P2_2                              ECEN301LibSDCC
     000000A3  _A11                               ECEN301LibSDCC
     000000A3  _P2_3                              ECEN301LibSDCC
     000000A4  _A12                               ECEN301LibSDCC
     000000A4  _P2_4                              ECEN301LibSDCC
     000000A5  _A13                               ECEN301LibSDCC
     000000A5  _P2_5                              ECEN301LibSDCC
     000000A6  _A14                               ECEN301LibSDCC
     000000A6  _P2_6                              ECEN301LibSDCC
     000000A6  _WDTRST                            ECEN301LibSDCC
     000000A7  _A15                               ECEN301LibSDCC
     000000A7  _P2_7                              ECEN301LibSDCC
     000000A7  _WDTPRG                            ECEN301LibSDCC
     000000A8  _EX0                               ECEN301LibSDCC
     000000A8  _IEN0                              ECEN301LibSDCC
     000000A9  _ET0                               ECEN301LibSDCC
     000000A9  _SADDR                             ECEN301LibSDCC
     000000AA  _EX1                               ECEN301LibSDCC
     000000AB  _ET1                               ECEN301LibSDCC
     000000AC  _ES                                ECEN301LibSDCC
     000000AD  _ET2                               ECEN301LibSDCC
     000000AE  _EC                                ECEN301LibSDCC
     000000AF  _EA                                ECEN301LibSDCC
     000000B0  _P3                                ECEN301LibSDCC
     000000B0  _P3_0                              ECEN301LibSDCC
ASxxxx Linker V03.00 + NoICE + sdld,  page 5.
Hexadecimal  [32-Bits]

Area                                    Addr        Size        Decimal Bytes (Attributes)
--------------------------------        ----        ----        ------- ----- ------------
.  .ABS.                            00000000    00000000 =           0. bytes (ABS,CON)

      Value  Global                              Global Defined In Module
      -----  --------------------------------   ------------------------
     000000B0  _RXD                               ECEN301LibSDCC
     000000B1  _P3_1                              ECEN301LibSDCC
     000000B1  _TXD                               ECEN301LibSDCC
     000000B2  _INT0                              ECEN301LibSDCC
     000000B2  _P3_2                              ECEN301LibSDCC
     000000B3  _INT1                              ECEN301LibSDCC
     000000B3  _P3_3                              ECEN301LibSDCC
     000000B4  _P3_4                              ECEN301LibSDCC
     000000B4  _T0                                ECEN301LibSDCC
     000000B5  _P3_5                              ECEN301LibSDCC
     000000B5  _T1                                ECEN301LibSDCC
     000000B6  _P3_6                              ECEN301LibSDCC
     000000B6  _WR                                ECEN301LibSDCC
     000000B7  _IPH0                              ECEN301LibSDCC
     000000B7  _P3_7                              ECEN301LibSDCC
     000000B7  _RD                                ECEN301LibSDCC
     000000B8  _IPL0                              ECEN301LibSDCC
     000000B8  _PX0                               ECEN301LibSDCC
     000000B9  _PT0                               ECEN301LibSDCC
     000000B9  _SADEN                             ECEN301LibSDCC
     000000BA  _PX1                               ECEN301LibSDCC
     000000BB  _PT1                               ECEN301LibSDCC
     000000BC  _PS                                ECEN301LibSDCC
     000000BD  _PT2                               ECEN301LibSDCC
     000000BE  _PPC                               ECEN301LibSDCC
     000000C0  _P4                                ECEN301LibSDCC
     000000C0  _P4_0                              ECEN301LibSDCC
     000000C0  _RS                                ECEN301LibSDCC
     000000C1  _P4_1                              ECEN301LibSDCC
     000000C1  _RW                                ECEN301LibSDCC
     000000C2  _EN                                ECEN301LibSDCC
     000000C2  _MISO                              ECEN301LibSDCC
     000000C2  _P4_2                              ECEN301LibSDCC
     000000C3  _P4_3                              ECEN301LibSDCC
     000000C3  _SCK                               ECEN301LibSDCC
     000000C4  _MOSI                              ECEN301LibSDCC
     000000C4  _P4_4                              ECEN301LibSDCC
     000000C8  _CPRL2                             ECEN301LibSDCC
     000000C8  _T2CON                             ECEN301LibSDCC
     000000C9  _CT2                               ECEN301LibSDCC
     000000C9  _T2MOD                             ECEN301LibSDCC
     000000CA  _RCAP2L                            ECEN301LibSDCC
     000000CA  _TR2                               ECEN301LibSDCC
     000000CB  _EXEN2                             ECEN301LibSDCC
     000000CB  _RCAP2H                            ECEN301LibSDCC
     000000CC  _TCLK                              ECEN301LibSDCC
     000000CC  _TL2                               ECEN301LibSDCC
     000000CD  _RCLK                              ECEN301LibSDCC
     000000CD  _TH2                               ECEN301LibSDCC
     000000CE  _CANEN1                            ECEN301LibSDCC
     000000CE  _EXF2                              ECEN301LibSDCC
ASxxxx Linker V03.00 + NoICE + sdld,  page 6.
Hexadecimal  [32-Bits]

Area                                    Addr        Size        Decimal Bytes (Attributes)
--------------------------------        ----        ----        ------- ----- ------------
.  .ABS.                            00000000    00000000 =           0. bytes (ABS,CON)

      Value  Global                              Global Defined In Module
      -----  --------------------------------   ------------------------
     000000CF  _CANEN2                            ECEN301LibSDCC
     000000CF  _TF2                               ECEN301LibSDCC
     000000D0  _P                                 ECEN301LibSDCC
     000000D0  _PSW                               ECEN301LibSDCC
     000000D1  _F1                                ECEN301LibSDCC
     000000D1  _FCON                              ECEN301LibSDCC
     000000D2  _EECON                             ECEN301LibSDCC
     000000D2  _OV                                ECEN301LibSDCC
     000000D3  _RS0                               ECEN301LibSDCC
     000000D4  _RS1                               ECEN301LibSDCC
     000000D4  _SPCON                             ECEN301LibSDCC
     000000D5  _F0                                ECEN301LibSDCC
     000000D5  _SPSCR                             ECEN301LibSDCC
     000000D6  _AC                                ECEN301LibSDCC
     000000D6  _SPDAT                             ECEN301LibSDCC
     000000D7  _CY                                ECEN301LibSDCC
     000000D8  _CCF0                              ECEN301LibSDCC
     000000D8  _CCON                              ECEN301LibSDCC
     000000D9  _CCF1                              ECEN301LibSDCC
     000000D9  _CMOD                              ECEN301LibSDCC
     000000DA  _CCAPM0                            ECEN301LibSDCC
     000000DA  _CCF2                              ECEN301LibSDCC
     000000DB  _CCAPM1                            ECEN301LibSDCC
     000000DB  _CCF3                              ECEN301LibSDCC
     000000DC  _CCAPM2                            ECEN301LibSDCC
     000000DC  _CCF4                              ECEN301LibSDCC
     000000DD  _CCAPM3                            ECEN301LibSDCC
     000000DE  _CCAPM4                            ECEN301LibSDCC
     000000DE  _CR                                ECEN301LibSDCC
     000000DF  _CF                                ECEN301LibSDCC
     000000E0  _A                                 ECEN301LibSDCC
     000000E0  _A0                                ECEN301LibSDCC
     000000E0  _ACC                               ECEN301LibSDCC
     000000E0  _ACC0                              ECEN301LibSDCC
     000000E1  _A1                                ECEN301LibSDCC
     000000E1  _ACC1                              ECEN301LibSDCC
     000000E2  _A2                                ECEN301LibSDCC
     000000E2  _ACC2                              ECEN301LibSDCC
     000000E3  _A3                                ECEN301LibSDCC
     000000E3  _ACC3                              ECEN301LibSDCC
     000000E4  _A4                                ECEN301LibSDCC
     000000E4  _ACC4                              ECEN301LibSDCC
     000000E5  _A5                                ECEN301LibSDCC
     000000E5  _ACC5                              ECEN301LibSDCC
     000000E6  _A6                                ECEN301LibSDCC
     000000E6  _ACC6                              ECEN301LibSDCC
     000000E7  _A7                                ECEN301LibSDCC
     000000E7  _ACC7                              ECEN301LibSDCC
     000000E8  _EADC                              ECEN301LibSDCC
     000000E8  _IEN1                              ECEN301LibSDCC
     000000E9  _CL                                ECEN301LibSDCC
ASxxxx Linker V03.00 + NoICE + sdld,  page 7.
Hexadecimal  [32-Bits]

Area                                    Addr        Size        Decimal Bytes (Attributes)
--------------------------------        ----        ----        ------- ----- ------------
.  .ABS.                            00000000    00000000 =           0. bytes (ABS,CON)

      Value  Global                              Global Defined In Module
      -----  --------------------------------   ------------------------
     000000E9  _ESPI                              ECEN301LibSDCC
     000000EA  _CCAP0L                            ECEN301LibSDCC
     000000EB  _CCAP1L                            ECEN301LibSDCC
     000000EC  _CCAP2L                            ECEN301LibSDCC
     000000ED  _CCAP3L                            ECEN301LibSDCC
     000000EE  _CCAP4L                            ECEN301LibSDCC
     000000F0  _B                                 ECEN301LibSDCC
     000000F0  _B0                                ECEN301LibSDCC
     000000F1  _B1                                ECEN301LibSDCC
     000000F2  _ADCLK                             ECEN301LibSDCC
     000000F2  _B2                                ECEN301LibSDCC
     000000F3  _ADCON                             ECEN301LibSDCC
     000000F3  _B3                                ECEN301LibSDCC
     000000F4  _ADDL                              ECEN301LibSDCC
     000000F4  _B4                                ECEN301LibSDCC
     000000F5  _ADDH                              ECEN301LibSDCC
     000000F5  _B5                                ECEN301LibSDCC
     000000F5  _B_5                               _gptrput
     000000F6  _ADCF                              ECEN301LibSDCC
     000000F6  _B6                                ECEN301LibSDCC
     000000F6  _B_6                               _gptrput
     000000F7  _B7                                ECEN301LibSDCC
     000000F7  _B_7                               _gptrput
     000000F7  _IPH1                              ECEN301LibSDCC
     000000F8  _IPL1                              ECEN301LibSDCC
     000000F9  _CH                                ECEN301LibSDCC
     000000F9  _PADCL                             ECEN301LibSDCC
     000000FA  _CCAP0H                            ECEN301LibSDCC
     000000FB  _CCAP1H                            ECEN301LibSDCC
     000000FC  _CCAP2H                            ECEN301LibSDCC
     000000FD  _CCAP3H                            ECEN301LibSDCC
     000000FE  _CCAP4H                            ECEN301LibSDCC

ASxxxx Linker V03.00 + NoICE + sdld,  page 8.
Hexadecimal  [32-Bits]

Area                                    Addr        Size        Decimal Bytes (Attributes)
--------------------------------        ----        ----        ------- ----- ------------
REG_BANK_0                          00000000    00000008 =           8. bytes (REL,OVR)

      Value  Global                              Global Defined In Module
      -----  --------------------------------   ------------------------
ASxxxx Linker V03.00 + NoICE + sdld,  page 9.
Hexadecimal  [32-Bits]

Area                                    Addr        Size        Decimal Bytes (Attributes)
--------------------------------        ----        ----        ------- ----- ------------
DSEG                                00000000    00000080 =         128. bytes (REL,CON)

      Value  Global                              Global Defined In Module
      -----  --------------------------------   ------------------------
     00000008  _prev_time                         main
     0000000A  _current_time                      main
     0000000C  _time_diff                         main
     0000000E  _RPM_motor                         main
     00000010  _RPM_calc                          main
     00000012  _prev_value                        main
     0000001C  _prev_error                        main
     0000001E  _average                           main
     00000034  _vsprintf_PARM_2                   sprintf
     00000037  _vsprintf_PARM_3                   sprintf
     0000003B  _posLCD                            ECEN301LibSDCC
     00000041  _readLineSerial_PARM_2             ECEN301LibSDCC
     00000046  _bp                                _bp
     00000054  __print_format_PARM_2              printf_large
     00000057  __print_format_PARM_3              printf_large
     0000005A  __print_format_PARM_4              printf_large

ASxxxx Linker V03.00 + NoICE + sdld,  page 10.
Hexadecimal  [32-Bits]

Area                                    Addr        Size        Decimal Bytes (Attributes)
--------------------------------        ----        ----        ------- ----- ------------
OSEG                                0000006F    00000004 =           4. bytes (REL,OVR)

      Value  Global                              Global Defined In Module
      -----  --------------------------------   ------------------------
     0000006F  __divslong_PARM_2                  _divulong
     0000006F  __divulong_PARM_2                  _divulong
     0000006F  __gptrput_PARM_2                   _gptrput
ASxxxx Linker V03.00 + NoICE + sdld,  page 11.
Hexadecimal  [32-Bits]

Area                                    Addr        Size        Decimal Bytes (Attributes)
--------------------------------        ----        ----        ------- ----- ------------
ISEG                                00000073    00000006 =           6. bytes (REL,CON)

      Value  Global                              Global Defined In Module
      -----  --------------------------------   ------------------------
ASxxxx Linker V03.00 + NoICE + sdld,  page 12.
Hexadecimal  [32-Bits]

Area                                    Addr        Size        Decimal Bytes (Attributes)
--------------------------------        ----        ----        ------- ----- ------------
SSEG                                00000079    00000087 =         135. bytes (REL,OVR)

      Value  Global                              Global Defined In Module
      -----  --------------------------------   ------------------------
     00000079  __start__stack                     main

ASxxxx Linker V03.00 + NoICE + sdld,  page 13.
Hexadecimal  [32-Bits]

Area                                    Addr        Size        Decimal Bytes (Attributes)
--------------------------------        ----        ----        ------- ----- ------------
HOME                                00000000    00000039 =          57. bytes (REL,CON,CODE)

      Value  Global                              Global Defined In Module
      -----  --------------------------------   ------------------------
C:   00000036  __sdcc_program_startup             main

ASxxxx Linker V03.00 + NoICE + sdld,  page 14.
Hexadecimal  [32-Bits]

Area                                    Addr        Size        Decimal Bytes (Attributes)
--------------------------------        ----        ----        ------- ----- ------------
GSINIT0                             00000039    00000003 =           3. bytes (REL,CON,CODE)

      Value  Global                              Global Defined In Module
      -----  --------------------------------   ------------------------
C:   00000039  __sdcc_gsinit_startup              

ASxxxx Linker V03.00 + NoICE + sdld,  page 15.
Hexadecimal  [32-Bits]

Area                                    Addr        Size        Decimal Bytes (Attributes)
--------------------------------        ----        ----        ------- ----- ------------
GSINIT2                             0000003C    0000000A =          10. bytes (REL,CON,CODE)

      Value  Global                              Global Defined In Module
      -----  --------------------------------   ------------------------
ASxxxx Linker V03.00 + NoICE + sdld,  page 16.
Hexadecimal  [32-Bits]

Area                                    Addr        Size        Decimal Bytes (Attributes)
--------------------------------        ----        ----        ------- ----- ------------
GSINIT3                             00000046    00000022 =          34. bytes (REL,CON,CODE)

      Value  Global                              Global Defined In Module
      -----  --------------------------------   ------------------------
C:   00000046  __mcs51_genXINIT                   

ASxxxx Linker V03.00 + NoICE + sdld,  page 17.
Hexadecimal  [32-Bits]

Area                                    Addr        Size        Decimal Bytes (Attributes)
--------------------------------        ----        ----        ------- ----- ------------
GSINIT4                             00000068    0000002A =          42. bytes (REL,CON,CODE)

      Value  Global                              Global Defined In Module
      -----  --------------------------------   ------------------------
C:   00000068  __mcs51_genRAMCLEAR                
C:   0000006E  __mcs51_genXRAMCLEAR               

ASxxxx Linker V03.00 + NoICE + sdld,  page 18.
Hexadecimal  [32-Bits]

Area                                    Addr        Size        Decimal Bytes (Attributes)
--------------------------------        ----        ----        ------- ----- ------------
GSINIT                              00000092    0000003D =          61. bytes (REL,CON,CODE)

      Value  Global                              Global Defined In Module
      -----  --------------------------------   ------------------------
ASxxxx Linker V03.00 + NoICE + sdld,  page 19.
Hexadecimal  [32-Bits]

Area                                    Addr        Size        Decimal Bytes (Attributes)
--------------------------------        ----        ----        ------- ----- ------------
GSFINAL                             000000CF    00000003 =           3. bytes (REL,CON,CODE)

      Value  Global                              Global Defined In Module
      -----  --------------------------------   ------------------------
ASxxxx Linker V03.00 + NoICE + sdld,  page 20.
Hexadecimal  [32-Bits]

Area                                    Addr        Size        Decimal Bytes (Attributes)
--------------------------------        ----        ----        ------- ----- ------------
CSEG                                000000D2    000013F4 =        5108. bytes (REL,CON,CODE)

      Value  Global                              Global Defined In Module
      -----  --------------------------------   ------------------------
C:   000000D2  _my_isr_handler                    main
C:   00000113  _get_average                       main
C:   000001DE  _main                              main
C:   00000471  ___fssub                           _fssub
C:   0000047C  ___fsmul                           _fsmul
C:   0000051F  fsgetargs                          _fsget2args
C:   0000054D  fs_normalize_a                     _fsnormalize
C:   00000580  ___fsadd                           _fsadd
C:   00000583  fsadd_direct_entry                 _fsadd
C:   00000649  _vsprintf                          sprintf
C:   00000686  _sprintf                           sprintf
C:   000006D4  _delay                             ECEN301LibSDCC
C:   000006EB  _initLCD                           ECEN301LibSDCC
C:   00000785  _writeCharLCD                      ECEN301LibSDCC
C:   000007C0  _writeLineLCD                      ECEN301LibSDCC
C:   000007F8  _clearLCD                          ECEN301LibSDCC
C:   00000813  _getLCDPos                         ECEN301LibSDCC
C:   00000817  _setLCDPos                         ECEN301LibSDCC
C:   0000085D  _sampleKeypad                      ECEN301LibSDCC
C:   000008CE  _sampleADC                         ECEN301LibSDCC
C:   0000090A  _initSerial                        ECEN301LibSDCC
C:   00000943  _writeCharSerial                   ECEN301LibSDCC
C:   0000094C  _writeLineSerial                   ECEN301LibSDCC
C:   0000098C  _readCharSerial                    ECEN301LibSDCC
C:   00000995  _readLineSerial                    ECEN301LibSDCC
C:   00000A11  ___sint2fs                         _sint2fs
C:   00000A1E  ___fs2sint                         _fs2sint
C:   00000A52  fs_round_and_return                _fsreturnval
C:   00000A6A  fs_zerocheck_return                _fsreturnval
C:   00000A73  fs_return_zero                     _fsreturnval
C:   00000A7B  fs_direct_return                   _fsreturnval
C:   00000A89  fs_return_inf                      _fsreturnval
C:   00000A96  fs_return_nan                      _fsreturnval
C:   00000B45  __print_format                     printf_large
C:   00001202  fs_swap_a_b                        _fsswapargs
C:   0000121C  _strlen                            _strlen
C:   00001234  ___fsdiv                           _fsdiv
C:   000012F7  __gptrget                          _gptrget
C:   00001313  ___slong2fs                        _slong2fs
C:   0000131C  slong2fs_doit                      _slong2fs
C:   00001340  __divulong                         _divulong
C:   000013A5  fs_rshift_a                        _fsrshift
C:   000013E8  ___fs2slong                        _fs2slong
C:   00001443  __sdcc_external_startup            _startup
C:   00001447  fsgetarg                           _fsget1arg
C:   00001459  __gptrput                          _gptrput
C:   00001474  __divslong                         _divslong

ASxxxx Linker V03.00 + NoICE + sdld,  page 21.
Hexadecimal  [32-Bits]

Area                                    Addr        Size        Decimal Bytes (Attributes)
--------------------------------        ----        ----        ------- ----- ------------
CONST                               000014C6    0000001F =          31. bytes (REL,CON,CODE)

      Value  Global                              Global Defined In Module
      -----  --------------------------------   ------------------------
ASxxxx Linker V03.00 + NoICE + sdld,  page 22.

Files Linked                              [ module(s) ]

Debug\main.rel                            [  ]


Libraries Linked                          [ object file ]

c:\Program Files\SDCC\bin\..\lib\small/libfloat.lib
                                          [ _fssub.rel ]
c:\Program Files\SDCC\bin\..\lib\small/libfloat.lib
                                          [ _fsmul.rel ]
c:\Program Files\SDCC\bin\..\lib\small/libfloat.lib
                                          [ _fsget2args.rel ]
c:\Program Files\SDCC\bin\..\lib\small/mcs51.lib
                                          [ crtclear.rel ]
c:\Program Files\SDCC\bin\..\lib\small/libfloat.lib
                                          [ _fsnormalize.rel ]
c:\Program Files\SDCC\bin\..\lib\small/mcs51.lib
                                          [ crtxinit.rel ]
c:\Program Files\SDCC\bin\..\lib\small/mcs51.lib
                                          [ crtxclear.rel ]
c:\Program Files\SDCC\bin\..\lib\small/libfloat.lib
                                          [ _fsadd.rel ]
c:\Program Files\SDCC\bin\..\lib\small/libsdcc.lib
                                          [ sprintf.rel ]
ECEN301LibSDCC.lib                        [ ECEN301LibSDCC ]
c:\Program Files\SDCC\bin\..\lib\small/libfloat.lib
                                          [ _sint2fs.rel ]
c:\Program Files\SDCC\bin\..\lib\small/libfloat.lib
                                          [ _fs2sint.rel ]
c:\Program Files\SDCC\bin\..\lib\small/libsdcc.lib
                                          [ _bp.rel ]
c:\Program Files\SDCC\bin\..\lib\small/libfloat.lib
                                          [ _fsreturnval.rel ]
c:\Program Files\SDCC\bin\..\lib\small/libsdcc.lib
                                          [ printf_large.rel ]
c:\Program Files\SDCC\bin\..\lib\small/mcs51.lib
                                          [ crtpagesfr.rel ]
c:\Program Files\SDCC\bin\..\lib\small/libfloat.lib
                                          [ _fsswapargs.rel ]
c:\Program Files\SDCC\bin\..\lib\small/libsdcc.lib
                                          [ _strlen.rel ]
c:\Program Files\SDCC\bin\..\lib\small/libfloat.lib
                                          [ _fsdiv.rel ]
c:\Program Files\SDCC\bin\..\lib\small/mcs51.lib
                                          [ crtstart.rel ]
c:\Program Files\SDCC\bin\..\lib\small/libsdcc.lib
                                          [ _gptrget.rel ]
c:\Program Files\SDCC\bin\..\lib\small/libfloat.lib
                                          [ _slong2fs.rel ]
c:\Program Files\SDCC\bin\..\lib\small/liblong.lib
                                          [ _divulong.rel ]
c:\Program Files\SDCC\bin\..\lib\small/libfloat.lib
                                          [ _fsrshift.rel ]
c:\Program Files\SDCC\bin\..\lib\small/libfloat.lib
                                          [ _fs2slong.rel ]
c:\Program Files\SDCC\bin\..\lib\small/libsdcc.lib
                                          [ _startup.rel ]
c:\Program Files\SDCC\bin\..\lib\small/libfloat.lib
                                          [ _fsget1arg.rel ]
c:\Program Files\SDCC\bin\..\lib\small/libsdcc.lib
                                          [ _gptrput.rel ]
c:\Program Files\SDCC\bin\..\lib\small/liblong.lib
                                          [ _divslong.rel ]

ASxxxx Linker V03.00 + NoICE + sdld,  page 23.

User Base Address Definitions

HOME = 0x0000
XSEG = 0x0001
PSEG = 0x0001
ISEG = 0x0000
BSEG = 0x0000

